exports[`CitationDownload Tests produces download links 1`] = `
<div>
  <div
    className="row">
    <div
      className="col-md-2">
      <a
        className="thumbnail"
        hgref="http://reflections.mndigital.org/utils/getstream/collection/irrc/id/1744">
        <img
          src="http://lib-mdl-dev.oit.umn.edu/thumbnails/irrc:1744" />
        <span
          className="glyphicon glyphicon-download-alt" />
         
        Download
      </a>
    </div>
  </div>
  <div
    className="row">
    <div
      className="col-md-2">
      <a
        className="thumbnail"
        hgref="http://reflections.mndigital.org/utils/getstream/collection/irrc/id/1746">
        <img
          src="http://lib-mdl-dev.oit.umn.edu/thumbnails/irrc:1746" />
        <span
          className="glyphicon glyphicon-download-alt" />
         
        Download
      </a>
    </div>
  </div>
  <div
    className="row">
    <div
      className="col-md-2">
      <a
        className="thumbnail"
        hgref="http://reflections.mndigital.org/utils/getstream/collection/irrc/id/1747">
        <img
          src="http://lib-mdl-dev.oit.umn.edu/thumbnails/irrc:1747" />
        <span
          className="glyphicon glyphicon-download-alt" />
         
        Download
      </a>
    </div>
  </div>
</div>
`;
