exports[`Field Tests renders a field with one value 1`] = `
<span
  className="detail-field-blah">
  <dt
    className="field-label">
    <label
      className="label label-default">
      blah
      :
    </label>
  </dt>
  <dd
    className="field-definition">
    <span
      dangerouslySetInnerHTML={
        Object {
          "__html": "fooundefined",
        }
      } />
    <span
      dangerouslySetInnerHTML={
        Object {
          "__html": "bar",
        }
      } />
  </dd>
</span>
`;
