exports[`Details Test renders a citation 1`] = `
<dl
  className="row details">
  <span
    className="detail-field-somefield">
    <dt
      className="field-label">
      <label
        className="label label-default">
        Some Field
        :
      </label>
    </dt>
    <dd
      className="field-definition">
      <span
        dangerouslySetInnerHTML={
          Object {
            "__html": "Daemon",
          }
        } />
    </dd>
  </span>
  <span
    className="detail-field-title">
    <dt
      className="field-label">
      <label
        className="label label-default">
        Title
        :
      </label>
    </dt>
    <dd
      className="field-definition">
      <span
        dangerouslySetInnerHTML={
          Object {
            "__html": "Snow Crash, ",
          }
        } />
      <span
        dangerouslySetInnerHTML={
          Object {
            "__html": "Ender\'s Game",
          }
        } />
    </dd>
  </span>
</dl>
`;
