exports[`DetailsFieldValue Test renders a field value with a url 1`] = `
<span
  dangerouslySetInnerHTML={
    Object {
      "__html": "Ramaundefined",
    }
  } />
`;

exports[`DetailsFieldValue Test renders a field value without a url 1`] = `
<span
  dangerouslySetInnerHTML={
    Object {
      "__html": "Ramaundefined",
    }
  } />
`;
